// Jest Snapshot v1, https://goo.gl/fbAQLP

exports[`Should ListFilm render correctly No filmActive 1`] = `
<div
  className="catalog__movies-list"
>
  <article
    className="small-movie-card catalog__movies-card"
  >
    <a
      href="/films/1"
      onClick={[Function]}
    >
      <div
        className="small-movie-card__image"
        onMouseOut={[Function]}
        onMouseOver={[Function]}
      >
        <video
          height="175"
          width="280"
        />
      </div>
    </a>
    <h3
      className="small-movie-card__title"
    >
      <a
        className="small-movie-card__link"
        href="/films/1"
        onClick={[Function]}
      >
        Aviator1
      </a>
    </h3>
  </article>
  <article
    className="small-movie-card catalog__movies-card"
  >
    <a
      href="/films/2"
      onClick={[Function]}
    >
      <div
        className="small-movie-card__image"
        onMouseOut={[Function]}
        onMouseOver={[Function]}
      >
        <video
          height="175"
          width="280"
        />
      </div>
    </a>
    <h3
      className="small-movie-card__title"
    >
      <a
        className="small-movie-card__link"
        href="/films/2"
        onClick={[Function]}
      >
        Aviator2
      </a>
    </h3>
  </article>
  <article
    className="small-movie-card catalog__movies-card"
  >
    <a
      href="/films/3"
      onClick={[Function]}
    >
      <div
        className="small-movie-card__image"
        onMouseOut={[Function]}
        onMouseOver={[Function]}
      >
        <video
          height="175"
          width="280"
        />
      </div>
    </a>
    <h3
      className="small-movie-card__title"
    >
      <a
        className="small-movie-card__link"
        href="/films/3"
        onClick={[Function]}
      >
        Aviator3
      </a>
    </h3>
  </article>
  <article
    className="small-movie-card catalog__movies-card"
  >
    <a
      href="/films/4"
      onClick={[Function]}
    >
      <div
        className="small-movie-card__image"
        onMouseOut={[Function]}
        onMouseOver={[Function]}
      >
        <video
          height="175"
          width="280"
        />
      </div>
    </a>
    <h3
      className="small-movie-card__title"
    >
      <a
        className="small-movie-card__link"
        href="/films/4"
        onClick={[Function]}
      >
        Aviator4
      </a>
    </h3>
  </article>
  <article
    className="small-movie-card catalog__movies-card"
  >
    <a
      href="/films/5"
      onClick={[Function]}
    >
      <div
        className="small-movie-card__image"
        onMouseOut={[Function]}
        onMouseOver={[Function]}
      >
        <video
          height="175"
          width="280"
        />
      </div>
    </a>
    <h3
      className="small-movie-card__title"
    >
      <a
        className="small-movie-card__link"
        href="/films/5"
        onClick={[Function]}
      >
        Aviator5
      </a>
    </h3>
  </article>
  <article
    className="small-movie-card catalog__movies-card"
  >
    <a
      href="/films/6"
      onClick={[Function]}
    >
      <div
        className="small-movie-card__image"
        onMouseOut={[Function]}
        onMouseOver={[Function]}
      >
        <video
          height="175"
          width="280"
        />
      </div>
    </a>
    <h3
      className="small-movie-card__title"
    >
      <a
        className="small-movie-card__link"
        href="/films/6"
        onClick={[Function]}
      >
        Aviator6
      </a>
    </h3>
  </article>
  <article
    className="small-movie-card catalog__movies-card"
  >
    <a
      href="/films/7"
      onClick={[Function]}
    >
      <div
        className="small-movie-card__image"
        onMouseOut={[Function]}
        onMouseOver={[Function]}
      >
        <video
          height="175"
          width="280"
        />
      </div>
    </a>
    <h3
      className="small-movie-card__title"
    >
      <a
        className="small-movie-card__link"
        href="/films/7"
        onClick={[Function]}
      >
        Aviator7
      </a>
    </h3>
  </article>
  <article
    className="small-movie-card catalog__movies-card"
  >
    <a
      href="/films/8"
      onClick={[Function]}
    >
      <div
        className="small-movie-card__image"
        onMouseOut={[Function]}
        onMouseOver={[Function]}
      >
        <video
          height="175"
          width="280"
        />
      </div>
    </a>
    <h3
      className="small-movie-card__title"
    >
      <a
        className="small-movie-card__link"
        href="/films/8"
        onClick={[Function]}
      >
        Aviator8
      </a>
    </h3>
  </article>
  <article
    className="small-movie-card catalog__movies-card"
  >
    <a
      href="/films/9"
      onClick={[Function]}
    >
      <div
        className="small-movie-card__image"
        onMouseOut={[Function]}
        onMouseOver={[Function]}
      >
        <video
          height="175"
          width="280"
        />
      </div>
    </a>
    <h3
      className="small-movie-card__title"
    >
      <a
        className="small-movie-card__link"
        href="/films/9"
        onClick={[Function]}
      >
        Aviator9
      </a>
    </h3>
  </article>
  <article
    className="small-movie-card catalog__movies-card"
  >
    <a
      href="/films/10"
      onClick={[Function]}
    >
      <div
        className="small-movie-card__image"
        onMouseOut={[Function]}
        onMouseOver={[Function]}
      >
        <video
          height="175"
          width="280"
        />
      </div>
    </a>
    <h3
      className="small-movie-card__title"
    >
      <a
        className="small-movie-card__link"
        href="/films/10"
        onClick={[Function]}
      >
        Aviator10
      </a>
    </h3>
  </article>
  <article
    className="small-movie-card catalog__movies-card"
  >
    <a
      href="/films/11"
      onClick={[Function]}
    >
      <div
        className="small-movie-card__image"
        onMouseOut={[Function]}
        onMouseOver={[Function]}
      >
        <video
          height="175"
          width="280"
        />
      </div>
    </a>
    <h3
      className="small-movie-card__title"
    >
      <a
        className="small-movie-card__link"
        href="/films/11"
        onClick={[Function]}
      >
        Aviator11
      </a>
    </h3>
  </article>
  <article
    className="small-movie-card catalog__movies-card"
  >
    <a
      href="/films/12"
      onClick={[Function]}
    >
      <div
        className="small-movie-card__image"
        onMouseOut={[Function]}
        onMouseOver={[Function]}
      >
        <video
          height="175"
          width="280"
        />
      </div>
    </a>
    <h3
      className="small-movie-card__title"
    >
      <a
        className="small-movie-card__link"
        href="/films/12"
        onClick={[Function]}
      >
        Aviator12
      </a>
    </h3>
  </article>
  <article
    className="small-movie-card catalog__movies-card"
  >
    <a
      href="/films/13"
      onClick={[Function]}
    >
      <div
        className="small-movie-card__image"
        onMouseOut={[Function]}
        onMouseOver={[Function]}
      >
        <video
          height="175"
          width="280"
        />
      </div>
    </a>
    <h3
      className="small-movie-card__title"
    >
      <a
        className="small-movie-card__link"
        href="/films/13"
        onClick={[Function]}
      >
        Aviator13
      </a>
    </h3>
  </article>
  <article
    className="small-movie-card catalog__movies-card"
  >
    <a
      href="/films/14"
      onClick={[Function]}
    >
      <div
        className="small-movie-card__image"
        onMouseOut={[Function]}
        onMouseOver={[Function]}
      >
        <video
          height="175"
          width="280"
        />
      </div>
    </a>
    <h3
      className="small-movie-card__title"
    >
      <a
        className="small-movie-card__link"
        href="/films/14"
        onClick={[Function]}
      >
        Aviator14
      </a>
    </h3>
  </article>
  <article
    className="small-movie-card catalog__movies-card"
  >
    <a
      href="/films/15"
      onClick={[Function]}
    >
      <div
        className="small-movie-card__image"
        onMouseOut={[Function]}
        onMouseOver={[Function]}
      >
        <video
          height="175"
          width="280"
        />
      </div>
    </a>
    <h3
      className="small-movie-card__title"
    >
      <a
        className="small-movie-card__link"
        href="/films/15"
        onClick={[Function]}
      >
        Aviator15
      </a>
    </h3>
  </article>
  <article
    className="small-movie-card catalog__movies-card"
  >
    <a
      href="/films/16"
      onClick={[Function]}
    >
      <div
        className="small-movie-card__image"
        onMouseOut={[Function]}
        onMouseOver={[Function]}
      >
        <video
          height="175"
          width="280"
        />
      </div>
    </a>
    <h3
      className="small-movie-card__title"
    >
      <a
        className="small-movie-card__link"
        href="/films/16"
        onClick={[Function]}
      >
        Aviator16
      </a>
    </h3>
  </article>
  <article
    className="small-movie-card catalog__movies-card"
  >
    <a
      href="/films/17"
      onClick={[Function]}
    >
      <div
        className="small-movie-card__image"
        onMouseOut={[Function]}
        onMouseOver={[Function]}
      >
        <video
          height="175"
          width="280"
        />
      </div>
    </a>
    <h3
      className="small-movie-card__title"
    >
      <a
        className="small-movie-card__link"
        href="/films/17"
        onClick={[Function]}
      >
        Aviator17
      </a>
    </h3>
  </article>
  <article
    className="small-movie-card catalog__movies-card"
  >
    <a
      href="/films/18"
      onClick={[Function]}
    >
      <div
        className="small-movie-card__image"
        onMouseOut={[Function]}
        onMouseOver={[Function]}
      >
        <video
          height="175"
          width="280"
        />
      </div>
    </a>
    <h3
      className="small-movie-card__title"
    >
      <a
        className="small-movie-card__link"
        href="/films/18"
        onClick={[Function]}
      >
        Aviator18
      </a>
    </h3>
  </article>
  <article
    className="small-movie-card catalog__movies-card"
  >
    <a
      href="/films/19"
      onClick={[Function]}
    >
      <div
        className="small-movie-card__image"
        onMouseOut={[Function]}
        onMouseOver={[Function]}
      >
        <video
          height="175"
          width="280"
        />
      </div>
    </a>
    <h3
      className="small-movie-card__title"
    >
      <a
        className="small-movie-card__link"
        href="/films/19"
        onClick={[Function]}
      >
        Aviator19
      </a>
    </h3>
  </article>
  <article
    className="small-movie-card catalog__movies-card"
  >
    <a
      href="/films/20"
      onClick={[Function]}
    >
      <div
        className="small-movie-card__image"
        onMouseOut={[Function]}
        onMouseOver={[Function]}
      >
        <video
          height="175"
          width="280"
        />
      </div>
    </a>
    <h3
      className="small-movie-card__title"
    >
      <a
        className="small-movie-card__link"
        href="/films/20"
        onClick={[Function]}
      >
        Aviator20
      </a>
    </h3>
  </article>
  <article
    className="small-movie-card catalog__movies-card"
  >
    <a
      href="/films/21"
      onClick={[Function]}
    >
      <div
        className="small-movie-card__image"
        onMouseOut={[Function]}
        onMouseOver={[Function]}
      >
        <video
          height="175"
          width="280"
        />
      </div>
    </a>
    <h3
      className="small-movie-card__title"
    >
      <a
        className="small-movie-card__link"
        href="/films/21"
        onClick={[Function]}
      >
        Aviator21
      </a>
    </h3>
  </article>
  <article
    className="small-movie-card catalog__movies-card"
  >
    <a
      href="/films/22"
      onClick={[Function]}
    >
      <div
        className="small-movie-card__image"
        onMouseOut={[Function]}
        onMouseOver={[Function]}
      >
        <video
          height="175"
          width="280"
        />
      </div>
    </a>
    <h3
      className="small-movie-card__title"
    >
      <a
        className="small-movie-card__link"
        href="/films/22"
        onClick={[Function]}
      >
        Aviator22
      </a>
    </h3>
  </article>
  <article
    className="small-movie-card catalog__movies-card"
  >
    <a
      href="/films/23"
      onClick={[Function]}
    >
      <div
        className="small-movie-card__image"
        onMouseOut={[Function]}
        onMouseOver={[Function]}
      >
        <video
          height="175"
          width="280"
        />
      </div>
    </a>
    <h3
      className="small-movie-card__title"
    >
      <a
        className="small-movie-card__link"
        href="/films/23"
        onClick={[Function]}
      >
        Aviator23
      </a>
    </h3>
  </article>
  <article
    className="small-movie-card catalog__movies-card"
  >
    <a
      href="/films/24"
      onClick={[Function]}
    >
      <div
        className="small-movie-card__image"
        onMouseOut={[Function]}
        onMouseOver={[Function]}
      >
        <video
          height="175"
          width="280"
        />
      </div>
    </a>
    <h3
      className="small-movie-card__title"
    >
      <a
        className="small-movie-card__link"
        href="/films/24"
        onClick={[Function]}
      >
        Aviator24
      </a>
    </h3>
  </article>
</div>
`;

exports[`Should ListFilm render correctly With filmActive 1`] = `
<div
  className="catalog__movies-list"
>
  <article
    className="small-movie-card catalog__movies-card"
  >
    <a
      href="/films/1"
      onClick={[Function]}
    >
      <div
        className="small-movie-card__image"
        onMouseOut={[Function]}
        onMouseOver={[Function]}
      >
        <video
          height="175"
          width="280"
        />
      </div>
    </a>
    <h3
      className="small-movie-card__title"
    >
      <a
        className="small-movie-card__link"
        href="/films/1"
        onClick={[Function]}
      >
        Aviator1
      </a>
    </h3>
  </article>
  <article
    className="small-movie-card catalog__movies-card"
  >
    <a
      href="/films/2"
      onClick={[Function]}
    >
      <div
        className="small-movie-card__image"
        onMouseOut={[Function]}
        onMouseOver={[Function]}
      >
        <video
          height="175"
          width="280"
        />
      </div>
    </a>
    <h3
      className="small-movie-card__title"
    >
      <a
        className="small-movie-card__link"
        href="/films/2"
        onClick={[Function]}
      >
        Aviator2
      </a>
    </h3>
  </article>
  <article
    className="small-movie-card catalog__movies-card"
  >
    <a
      href="/films/3"
      onClick={[Function]}
    >
      <div
        className="small-movie-card__image"
        onMouseOut={[Function]}
        onMouseOver={[Function]}
      >
        <video
          height="175"
          width="280"
        />
      </div>
    </a>
    <h3
      className="small-movie-card__title"
    >
      <a
        className="small-movie-card__link"
        href="/films/3"
        onClick={[Function]}
      >
        Aviator3
      </a>
    </h3>
  </article>
  <article
    className="small-movie-card catalog__movies-card"
  >
    <a
      href="/films/4"
      onClick={[Function]}
    >
      <div
        className="small-movie-card__image"
        onMouseOut={[Function]}
        onMouseOver={[Function]}
      >
        <video
          height="175"
          width="280"
        />
      </div>
    </a>
    <h3
      className="small-movie-card__title"
    >
      <a
        className="small-movie-card__link"
        href="/films/4"
        onClick={[Function]}
      >
        Aviator4
      </a>
    </h3>
  </article>
  <article
    className="small-movie-card catalog__movies-card"
  >
    <a
      href="/films/5"
      onClick={[Function]}
    >
      <div
        className="small-movie-card__image"
        onMouseOut={[Function]}
        onMouseOver={[Function]}
      >
        <video
          height="175"
          width="280"
        />
      </div>
    </a>
    <h3
      className="small-movie-card__title"
    >
      <a
        className="small-movie-card__link"
        href="/films/5"
        onClick={[Function]}
      >
        Aviator5
      </a>
    </h3>
  </article>
  <article
    className="small-movie-card catalog__movies-card"
  >
    <a
      href="/films/6"
      onClick={[Function]}
    >
      <div
        className="small-movie-card__image"
        onMouseOut={[Function]}
        onMouseOver={[Function]}
      >
        <video
          height="175"
          width="280"
        />
      </div>
    </a>
    <h3
      className="small-movie-card__title"
    >
      <a
        className="small-movie-card__link"
        href="/films/6"
        onClick={[Function]}
      >
        Aviator6
      </a>
    </h3>
  </article>
  <article
    className="small-movie-card catalog__movies-card"
  >
    <a
      href="/films/7"
      onClick={[Function]}
    >
      <div
        className="small-movie-card__image"
        onMouseOut={[Function]}
        onMouseOver={[Function]}
      >
        <video
          height="175"
          width="280"
        />
      </div>
    </a>
    <h3
      className="small-movie-card__title"
    >
      <a
        className="small-movie-card__link"
        href="/films/7"
        onClick={[Function]}
      >
        Aviator7
      </a>
    </h3>
  </article>
  <article
    className="small-movie-card catalog__movies-card"
  >
    <a
      href="/films/8"
      onClick={[Function]}
    >
      <div
        className="small-movie-card__image"
        onMouseOut={[Function]}
        onMouseOver={[Function]}
      >
        <video
          height="175"
          width="280"
        />
      </div>
    </a>
    <h3
      className="small-movie-card__title"
    >
      <a
        className="small-movie-card__link"
        href="/films/8"
        onClick={[Function]}
      >
        Aviator8
      </a>
    </h3>
  </article>
  <article
    className="small-movie-card catalog__movies-card"
  >
    <a
      href="/films/9"
      onClick={[Function]}
    >
      <div
        className="small-movie-card__image"
        onMouseOut={[Function]}
        onMouseOver={[Function]}
      >
        <video
          height="175"
          width="280"
        />
      </div>
    </a>
    <h3
      className="small-movie-card__title"
    >
      <a
        className="small-movie-card__link"
        href="/films/9"
        onClick={[Function]}
      >
        Aviator9
      </a>
    </h3>
  </article>
  <article
    className="small-movie-card catalog__movies-card"
  >
    <a
      href="/films/10"
      onClick={[Function]}
    >
      <div
        className="small-movie-card__image"
        onMouseOut={[Function]}
        onMouseOver={[Function]}
      >
        <video
          height="175"
          width="280"
        />
      </div>
    </a>
    <h3
      className="small-movie-card__title"
    >
      <a
        className="small-movie-card__link"
        href="/films/10"
        onClick={[Function]}
      >
        Aviator10
      </a>
    </h3>
  </article>
  <article
    className="small-movie-card catalog__movies-card"
  >
    <a
      href="/films/11"
      onClick={[Function]}
    >
      <div
        className="small-movie-card__image"
        onMouseOut={[Function]}
        onMouseOver={[Function]}
      >
        <video
          height="175"
          width="280"
        />
      </div>
    </a>
    <h3
      className="small-movie-card__title"
    >
      <a
        className="small-movie-card__link"
        href="/films/11"
        onClick={[Function]}
      >
        Aviator11
      </a>
    </h3>
  </article>
  <article
    className="small-movie-card catalog__movies-card"
  >
    <a
      href="/films/12"
      onClick={[Function]}
    >
      <div
        className="small-movie-card__image"
        onMouseOut={[Function]}
        onMouseOver={[Function]}
      >
        <video
          height="175"
          width="280"
        />
      </div>
    </a>
    <h3
      className="small-movie-card__title"
    >
      <a
        className="small-movie-card__link"
        href="/films/12"
        onClick={[Function]}
      >
        Aviator12
      </a>
    </h3>
  </article>
  <article
    className="small-movie-card catalog__movies-card"
  >
    <a
      href="/films/13"
      onClick={[Function]}
    >
      <div
        className="small-movie-card__image"
        onMouseOut={[Function]}
        onMouseOver={[Function]}
      >
        <video
          height="175"
          width="280"
        />
      </div>
    </a>
    <h3
      className="small-movie-card__title"
    >
      <a
        className="small-movie-card__link"
        href="/films/13"
        onClick={[Function]}
      >
        Aviator13
      </a>
    </h3>
  </article>
  <article
    className="small-movie-card catalog__movies-card"
  >
    <a
      href="/films/14"
      onClick={[Function]}
    >
      <div
        className="small-movie-card__image"
        onMouseOut={[Function]}
        onMouseOver={[Function]}
      >
        <video
          height="175"
          width="280"
        />
      </div>
    </a>
    <h3
      className="small-movie-card__title"
    >
      <a
        className="small-movie-card__link"
        href="/films/14"
        onClick={[Function]}
      >
        Aviator14
      </a>
    </h3>
  </article>
  <article
    className="small-movie-card catalog__movies-card"
  >
    <a
      href="/films/15"
      onClick={[Function]}
    >
      <div
        className="small-movie-card__image"
        onMouseOut={[Function]}
        onMouseOver={[Function]}
      >
        <video
          height="175"
          width="280"
        />
      </div>
    </a>
    <h3
      className="small-movie-card__title"
    >
      <a
        className="small-movie-card__link"
        href="/films/15"
        onClick={[Function]}
      >
        Aviator15
      </a>
    </h3>
  </article>
  <article
    className="small-movie-card catalog__movies-card"
  >
    <a
      href="/films/16"
      onClick={[Function]}
    >
      <div
        className="small-movie-card__image"
        onMouseOut={[Function]}
        onMouseOver={[Function]}
      >
        <video
          height="175"
          width="280"
        />
      </div>
    </a>
    <h3
      className="small-movie-card__title"
    >
      <a
        className="small-movie-card__link"
        href="/films/16"
        onClick={[Function]}
      >
        Aviator16
      </a>
    </h3>
  </article>
  <article
    className="small-movie-card catalog__movies-card"
  >
    <a
      href="/films/17"
      onClick={[Function]}
    >
      <div
        className="small-movie-card__image"
        onMouseOut={[Function]}
        onMouseOver={[Function]}
      >
        <video
          height="175"
          width="280"
        />
      </div>
    </a>
    <h3
      className="small-movie-card__title"
    >
      <a
        className="small-movie-card__link"
        href="/films/17"
        onClick={[Function]}
      >
        Aviator17
      </a>
    </h3>
  </article>
  <article
    className="small-movie-card catalog__movies-card"
  >
    <a
      href="/films/18"
      onClick={[Function]}
    >
      <div
        className="small-movie-card__image"
        onMouseOut={[Function]}
        onMouseOver={[Function]}
      >
        <video
          height="175"
          width="280"
        />
      </div>
    </a>
    <h3
      className="small-movie-card__title"
    >
      <a
        className="small-movie-card__link"
        href="/films/18"
        onClick={[Function]}
      >
        Aviator18
      </a>
    </h3>
  </article>
  <article
    className="small-movie-card catalog__movies-card"
  >
    <a
      href="/films/19"
      onClick={[Function]}
    >
      <div
        className="small-movie-card__image"
        onMouseOut={[Function]}
        onMouseOver={[Function]}
      >
        <video
          height="175"
          width="280"
        />
      </div>
    </a>
    <h3
      className="small-movie-card__title"
    >
      <a
        className="small-movie-card__link"
        href="/films/19"
        onClick={[Function]}
      >
        Aviator19
      </a>
    </h3>
  </article>
  <article
    className="small-movie-card catalog__movies-card"
  >
    <a
      href="/films/20"
      onClick={[Function]}
    >
      <div
        className="small-movie-card__image"
        onMouseOut={[Function]}
        onMouseOver={[Function]}
      >
        <video
          height="175"
          width="280"
        />
      </div>
    </a>
    <h3
      className="small-movie-card__title"
    >
      <a
        className="small-movie-card__link"
        href="/films/20"
        onClick={[Function]}
      >
        Aviator20
      </a>
    </h3>
  </article>
  <article
    className="small-movie-card catalog__movies-card"
  >
    <a
      href="/films/21"
      onClick={[Function]}
    >
      <div
        className="small-movie-card__image"
        onMouseOut={[Function]}
        onMouseOver={[Function]}
      >
        <video
          height="175"
          width="280"
        />
      </div>
    </a>
    <h3
      className="small-movie-card__title"
    >
      <a
        className="small-movie-card__link"
        href="/films/21"
        onClick={[Function]}
      >
        Aviator21
      </a>
    </h3>
  </article>
  <article
    className="small-movie-card catalog__movies-card"
  >
    <a
      href="/films/22"
      onClick={[Function]}
    >
      <div
        className="small-movie-card__image"
        onMouseOut={[Function]}
        onMouseOver={[Function]}
      >
        <video
          height="175"
          width="280"
        />
      </div>
    </a>
    <h3
      className="small-movie-card__title"
    >
      <a
        className="small-movie-card__link"
        href="/films/22"
        onClick={[Function]}
      >
        Aviator22
      </a>
    </h3>
  </article>
  <article
    className="small-movie-card catalog__movies-card"
  >
    <a
      href="/films/23"
      onClick={[Function]}
    >
      <div
        className="small-movie-card__image"
        onMouseOut={[Function]}
        onMouseOver={[Function]}
      >
        <video
          height="175"
          width="280"
        />
      </div>
    </a>
    <h3
      className="small-movie-card__title"
    >
      <a
        className="small-movie-card__link"
        href="/films/23"
        onClick={[Function]}
      >
        Aviator23
      </a>
    </h3>
  </article>
  <article
    className="small-movie-card catalog__movies-card"
  >
    <a
      href="/films/24"
      onClick={[Function]}
    >
      <div
        className="small-movie-card__image"
        onMouseOut={[Function]}
        onMouseOver={[Function]}
      >
        <video
          height="175"
          width="280"
        />
      </div>
    </a>
    <h3
      className="small-movie-card__title"
    >
      <a
        className="small-movie-card__link"
        href="/films/24"
        onClick={[Function]}
      >
        Aviator24
      </a>
    </h3>
  </article>
</div>
`;
