// Jest Snapshot v1, https://goo.gl/fbAQLP

exports[`Should VideoPlayer render correctly VideoPlayer is active 1`] = `
<video
  height="175"
  width="280"
/>
`;

exports[`Should VideoPlayer render correctly VideoPlayer not active 1`] = `
<video
  height="175"
  width="280"
/>
`;
