// Jest Snapshot v1, https://goo.gl/fbAQLP

exports[`withPlayerScreen is rendered correctly 1`] = `
<div>
  <video
    className="player__video"
    onPause={[Function]}
    onPlay={[Function]}
    onTimeUpdate={[Function]}
    poster="img/the-grand-budapest-hotel-poster.jpg"
  />
</div>
`;
